libtool: compile:  gcc -I. -I/home/deploy/gitroot/Snail/ext -DPHP_ATOM_INC -I/home/deploy/gitroot/Snail/ext/include -I/home/deploy/gitroot/Snail/ext/main -I/home/deploy/gitroot/Snail/ext -I/usr/include/php -I/usr/include/php/main -I/usr/include/php/TSRM -I/usr/include/php/Zend -I/usr/include/php/ext -I/usr/include/php/ext/date/lib -DHAVE_CONFIG_H -O2 -fvisibility=hidden -Wparentheses -flto -DZEPHIR_RELEASE=1 -c /home/deploy/gitroot/Snail/ext/snail.c  -fPIC -DPIC -o .libs/snail.o
libtool: compile:  gcc -I. -I/home/deploy/gitroot/Snail/ext -DPHP_ATOM_INC -I/home/deploy/gitroot/Snail/ext/include -I/home/deploy/gitroot/Snail/ext/main -I/home/deploy/gitroot/Snail/ext -I/usr/include/php -I/usr/include/php/main -I/usr/include/php/TSRM -I/usr/include/php/Zend -I/usr/include/php/ext -I/usr/include/php/ext/date/lib -DHAVE_CONFIG_H -O2 -fvisibility=hidden -Wparentheses -flto -DZEPHIR_RELEASE=1 -c /home/deploy/gitroot/Snail/ext/kernel/main.c  -fPIC -DPIC -o kernel/.libs/main.o
libtool: compile:  gcc -I. -I/home/deploy/gitroot/Snail/ext -DPHP_ATOM_INC -I/home/deploy/gitroot/Snail/ext/include -I/home/deploy/gitroot/Snail/ext/main -I/home/deploy/gitroot/Snail/ext -I/usr/include/php -I/usr/include/php/main -I/usr/include/php/TSRM -I/usr/include/php/Zend -I/usr/include/php/ext -I/usr/include/php/ext/date/lib -DHAVE_CONFIG_H -O2 -fvisibility=hidden -Wparentheses -flto -DZEPHIR_RELEASE=1 -c /home/deploy/gitroot/Snail/ext/kernel/memory.c  -fPIC -DPIC -o kernel/.libs/memory.o
libtool: compile:  gcc -I. -I/home/deploy/gitroot/Snail/ext -DPHP_ATOM_INC -I/home/deploy/gitroot/Snail/ext/include -I/home/deploy/gitroot/Snail/ext/main -I/home/deploy/gitroot/Snail/ext -I/usr/include/php -I/usr/include/php/main -I/usr/include/php/TSRM -I/usr/include/php/Zend -I/usr/include/php/ext -I/usr/include/php/ext/date/lib -DHAVE_CONFIG_H -O2 -fvisibility=hidden -Wparentheses -flto -DZEPHIR_RELEASE=1 -c /home/deploy/gitroot/Snail/ext/kernel/exception.c  -fPIC -DPIC -o kernel/.libs/exception.o
libtool: compile:  gcc -I. -I/home/deploy/gitroot/Snail/ext -DPHP_ATOM_INC -I/home/deploy/gitroot/Snail/ext/include -I/home/deploy/gitroot/Snail/ext/main -I/home/deploy/gitroot/Snail/ext -I/usr/include/php -I/usr/include/php/main -I/usr/include/php/TSRM -I/usr/include/php/Zend -I/usr/include/php/ext -I/usr/include/php/ext/date/lib -DHAVE_CONFIG_H -O2 -fvisibility=hidden -Wparentheses -flto -DZEPHIR_RELEASE=1 -c /home/deploy/gitroot/Snail/ext/kernel/hash.c  -fPIC -DPIC -o kernel/.libs/hash.o
libtool: compile:  gcc -I. -I/home/deploy/gitroot/Snail/ext -DPHP_ATOM_INC -I/home/deploy/gitroot/Snail/ext/include -I/home/deploy/gitroot/Snail/ext/main -I/home/deploy/gitroot/Snail/ext -I/usr/include/php -I/usr/include/php/main -I/usr/include/php/TSRM -I/usr/include/php/Zend -I/usr/include/php/ext -I/usr/include/php/ext/date/lib -DHAVE_CONFIG_H -O2 -fvisibility=hidden -Wparentheses -flto -DZEPHIR_RELEASE=1 -c /home/deploy/gitroot/Snail/ext/kernel/debug.c  -fPIC -DPIC -o kernel/.libs/debug.o
libtool: compile:  gcc -I. -I/home/deploy/gitroot/Snail/ext -DPHP_ATOM_INC -I/home/deploy/gitroot/Snail/ext/include -I/home/deploy/gitroot/Snail/ext/main -I/home/deploy/gitroot/Snail/ext -I/usr/include/php -I/usr/include/php/main -I/usr/include/php/TSRM -I/usr/include/php/Zend -I/usr/include/php/ext -I/usr/include/php/ext/date/lib -DHAVE_CONFIG_H -O2 -fvisibility=hidden -Wparentheses -flto -DZEPHIR_RELEASE=1 -c /home/deploy/gitroot/Snail/ext/kernel/backtrace.c  -fPIC -DPIC -o kernel/.libs/backtrace.o
libtool: compile:  gcc -I. -I/home/deploy/gitroot/Snail/ext -DPHP_ATOM_INC -I/home/deploy/gitroot/Snail/ext/include -I/home/deploy/gitroot/Snail/ext/main -I/home/deploy/gitroot/Snail/ext -I/usr/include/php -I/usr/include/php/main -I/usr/include/php/TSRM -I/usr/include/php/Zend -I/usr/include/php/ext -I/usr/include/php/ext/date/lib -DHAVE_CONFIG_H -O2 -fvisibility=hidden -Wparentheses -flto -DZEPHIR_RELEASE=1 -c /home/deploy/gitroot/Snail/ext/kernel/object.c  -fPIC -DPIC -o kernel/.libs/object.o
libtool: compile:  gcc -I. -I/home/deploy/gitroot/Snail/ext -DPHP_ATOM_INC -I/home/deploy/gitroot/Snail/ext/include -I/home/deploy/gitroot/Snail/ext/main -I/home/deploy/gitroot/Snail/ext -I/usr/include/php -I/usr/include/php/main -I/usr/include/php/TSRM -I/usr/include/php/Zend -I/usr/include/php/ext -I/usr/include/php/ext/date/lib -DHAVE_CONFIG_H -O2 -fvisibility=hidden -Wparentheses -flto -DZEPHIR_RELEASE=1 -c /home/deploy/gitroot/Snail/ext/kernel/array.c  -fPIC -DPIC -o kernel/.libs/array.o
libtool: compile:  gcc -I. -I/home/deploy/gitroot/Snail/ext -DPHP_ATOM_INC -I/home/deploy/gitroot/Snail/ext/include -I/home/deploy/gitroot/Snail/ext/main -I/home/deploy/gitroot/Snail/ext -I/usr/include/php -I/usr/include/php/main -I/usr/include/php/TSRM -I/usr/include/php/Zend -I/usr/include/php/ext -I/usr/include/php/ext/date/lib -DHAVE_CONFIG_H -O2 -fvisibility=hidden -Wparentheses -flto -DZEPHIR_RELEASE=1 -c /home/deploy/gitroot/Snail/ext/kernel/extended/array.c  -fPIC -DPIC -o kernel/extended/.libs/array.o
libtool: compile:  gcc -I. -I/home/deploy/gitroot/Snail/ext -DPHP_ATOM_INC -I/home/deploy/gitroot/Snail/ext/include -I/home/deploy/gitroot/Snail/ext/main -I/home/deploy/gitroot/Snail/ext -I/usr/include/php -I/usr/include/php/main -I/usr/include/php/TSRM -I/usr/include/php/Zend -I/usr/include/php/ext -I/usr/include/php/ext/date/lib -DHAVE_CONFIG_H -O2 -fvisibility=hidden -Wparentheses -flto -DZEPHIR_RELEASE=1 -c /home/deploy/gitroot/Snail/ext/kernel/string.c  -fPIC -DPIC -o kernel/.libs/string.o
libtool: compile:  gcc -I. -I/home/deploy/gitroot/Snail/ext -DPHP_ATOM_INC -I/home/deploy/gitroot/Snail/ext/include -I/home/deploy/gitroot/Snail/ext/main -I/home/deploy/gitroot/Snail/ext -I/usr/include/php -I/usr/include/php/main -I/usr/include/php/TSRM -I/usr/include/php/Zend -I/usr/include/php/ext -I/usr/include/php/ext/date/lib -DHAVE_CONFIG_H -O2 -fvisibility=hidden -Wparentheses -flto -DZEPHIR_RELEASE=1 -c /home/deploy/gitroot/Snail/ext/kernel/fcall.c  -fPIC -DPIC -o kernel/.libs/fcall.o
libtool: compile:  gcc -I. -I/home/deploy/gitroot/Snail/ext -DPHP_ATOM_INC -I/home/deploy/gitroot/Snail/ext/include -I/home/deploy/gitroot/Snail/ext/main -I/home/deploy/gitroot/Snail/ext -I/usr/include/php -I/usr/include/php/main -I/usr/include/php/TSRM -I/usr/include/php/Zend -I/usr/include/php/ext -I/usr/include/php/ext/date/lib -DHAVE_CONFIG_H -O2 -fvisibility=hidden -Wparentheses -flto -DZEPHIR_RELEASE=1 -c /home/deploy/gitroot/Snail/ext/kernel/extended/fcall.c  -fPIC -DPIC -o kernel/extended/.libs/fcall.o
libtool: compile:  gcc -I. -I/home/deploy/gitroot/Snail/ext -DPHP_ATOM_INC -I/home/deploy/gitroot/Snail/ext/include -I/home/deploy/gitroot/Snail/ext/main -I/home/deploy/gitroot/Snail/ext -I/usr/include/php -I/usr/include/php/main -I/usr/include/php/TSRM -I/usr/include/php/Zend -I/usr/include/php/ext -I/usr/include/php/ext/date/lib -DHAVE_CONFIG_H -O2 -fvisibility=hidden -Wparentheses -flto -DZEPHIR_RELEASE=1 -c /home/deploy/gitroot/Snail/ext/kernel/require.c  -fPIC -DPIC -o kernel/.libs/require.o
libtool: compile:  gcc -I. -I/home/deploy/gitroot/Snail/ext -DPHP_ATOM_INC -I/home/deploy/gitroot/Snail/ext/include -I/home/deploy/gitroot/Snail/ext/main -I/home/deploy/gitroot/Snail/ext -I/usr/include/php -I/usr/include/php/main -I/usr/include/php/TSRM -I/usr/include/php/Zend -I/usr/include/php/ext -I/usr/include/php/ext/date/lib -DHAVE_CONFIG_H -O2 -fvisibility=hidden -Wparentheses -flto -DZEPHIR_RELEASE=1 -c /home/deploy/gitroot/Snail/ext/kernel/file.c  -fPIC -DPIC -o kernel/.libs/file.o
libtool: compile:  gcc -I. -I/home/deploy/gitroot/Snail/ext -DPHP_ATOM_INC -I/home/deploy/gitroot/Snail/ext/include -I/home/deploy/gitroot/Snail/ext/main -I/home/deploy/gitroot/Snail/ext -I/usr/include/php -I/usr/include/php/main -I/usr/include/php/TSRM -I/usr/include/php/Zend -I/usr/include/php/ext -I/usr/include/php/ext/date/lib -DHAVE_CONFIG_H -O2 -fvisibility=hidden -Wparentheses -flto -DZEPHIR_RELEASE=1 -c /home/deploy/gitroot/Snail/ext/kernel/operators.c  -fPIC -DPIC -o kernel/.libs/operators.o
libtool: compile:  gcc -I. -I/home/deploy/gitroot/Snail/ext -DPHP_ATOM_INC -I/home/deploy/gitroot/Snail/ext/include -I/home/deploy/gitroot/Snail/ext/main -I/home/deploy/gitroot/Snail/ext -I/usr/include/php -I/usr/include/php/main -I/usr/include/php/TSRM -I/usr/include/php/Zend -I/usr/include/php/ext -I/usr/include/php/ext/date/lib -DHAVE_CONFIG_H -O2 -fvisibility=hidden -Wparentheses -flto -DZEPHIR_RELEASE=1 -c /home/deploy/gitroot/Snail/ext/kernel/math.c  -fPIC -DPIC -o kernel/.libs/math.o
libtool: compile:  gcc -I. -I/home/deploy/gitroot/Snail/ext -DPHP_ATOM_INC -I/home/deploy/gitroot/Snail/ext/include -I/home/deploy/gitroot/Snail/ext/main -I/home/deploy/gitroot/Snail/ext -I/usr/include/php -I/usr/include/php/main -I/usr/include/php/TSRM -I/usr/include/php/Zend -I/usr/include/php/ext -I/usr/include/php/ext/date/lib -DHAVE_CONFIG_H -O2 -fvisibility=hidden -Wparentheses -flto -DZEPHIR_RELEASE=1 -c /home/deploy/gitroot/Snail/ext/kernel/variables.c  -fPIC -DPIC -o kernel/.libs/variables.o
libtool: compile:  gcc -I. -I/home/deploy/gitroot/Snail/ext -DPHP_ATOM_INC -I/home/deploy/gitroot/Snail/ext/include -I/home/deploy/gitroot/Snail/ext/main -I/home/deploy/gitroot/Snail/ext -I/usr/include/php -I/usr/include/php/main -I/usr/include/php/TSRM -I/usr/include/php/Zend -I/usr/include/php/ext -I/usr/include/php/ext/date/lib -DHAVE_CONFIG_H -O2 -fvisibility=hidden -Wparentheses -flto -DZEPHIR_RELEASE=1 -c /home/deploy/gitroot/Snail/ext/kernel/concat.c  -fPIC -DPIC -o kernel/.libs/concat.o
libtool: compile:  gcc -I. -I/home/deploy/gitroot/Snail/ext -DPHP_ATOM_INC -I/home/deploy/gitroot/Snail/ext/include -I/home/deploy/gitroot/Snail/ext/main -I/home/deploy/gitroot/Snail/ext -I/usr/include/php -I/usr/include/php/main -I/usr/include/php/TSRM -I/usr/include/php/Zend -I/usr/include/php/ext -I/usr/include/php/ext/date/lib -DHAVE_CONFIG_H -O2 -fvisibility=hidden -Wparentheses -flto -DZEPHIR_RELEASE=1 -c /home/deploy/gitroot/Snail/ext/kernel/filter.c  -fPIC -DPIC -o kernel/.libs/filter.o
libtool: compile:  gcc -I. -I/home/deploy/gitroot/Snail/ext -DPHP_ATOM_INC -I/home/deploy/gitroot/Snail/ext/include -I/home/deploy/gitroot/Snail/ext/main -I/home/deploy/gitroot/Snail/ext -I/usr/include/php -I/usr/include/php/main -I/usr/include/php/TSRM -I/usr/include/php/Zend -I/usr/include/php/ext -I/usr/include/php/ext/date/lib -DHAVE_CONFIG_H -O2 -fvisibility=hidden -Wparentheses -flto -DZEPHIR_RELEASE=1 -c /home/deploy/gitroot/Snail/ext/kernel/iterator.c  -fPIC -DPIC -o kernel/.libs/iterator.o
libtool: compile:  gcc -I. -I/home/deploy/gitroot/Snail/ext -DPHP_ATOM_INC -I/home/deploy/gitroot/Snail/ext/include -I/home/deploy/gitroot/Snail/ext/main -I/home/deploy/gitroot/Snail/ext -I/usr/include/php -I/usr/include/php/main -I/usr/include/php/TSRM -I/usr/include/php/Zend -I/usr/include/php/ext -I/usr/include/php/ext/date/lib -DHAVE_CONFIG_H -O2 -fvisibility=hidden -Wparentheses -flto -DZEPHIR_RELEASE=1 -c /home/deploy/gitroot/Snail/ext/kernel/time.c  -fPIC -DPIC -o kernel/.libs/time.o
libtool: compile:  gcc -I. -I/home/deploy/gitroot/Snail/ext -DPHP_ATOM_INC -I/home/deploy/gitroot/Snail/ext/include -I/home/deploy/gitroot/Snail/ext/main -I/home/deploy/gitroot/Snail/ext -I/usr/include/php -I/usr/include/php/main -I/usr/include/php/TSRM -I/usr/include/php/Zend -I/usr/include/php/ext -I/usr/include/php/ext/date/lib -DHAVE_CONFIG_H -O2 -fvisibility=hidden -Wparentheses -flto -DZEPHIR_RELEASE=1 -c /home/deploy/gitroot/Snail/ext/kernel/exit.c  -fPIC -DPIC -o kernel/.libs/exit.o
libtool: compile:  gcc -I. -I/home/deploy/gitroot/Snail/ext -DPHP_ATOM_INC -I/home/deploy/gitroot/Snail/ext/include -I/home/deploy/gitroot/Snail/ext/main -I/home/deploy/gitroot/Snail/ext -I/usr/include/php -I/usr/include/php/main -I/usr/include/php/TSRM -I/usr/include/php/Zend -I/usr/include/php/ext -I/usr/include/php/ext/date/lib -DHAVE_CONFIG_H -O2 -fvisibility=hidden -Wparentheses -flto -DZEPHIR_RELEASE=1 -c /home/deploy/gitroot/Snail/ext/snail/mvc/applicationinterface.zep.c  -fPIC -DPIC -o snail/mvc/.libs/applicationinterface.o
libtool: compile:  gcc -I. -I/home/deploy/gitroot/Snail/ext -DPHP_ATOM_INC -I/home/deploy/gitroot/Snail/ext/include -I/home/deploy/gitroot/Snail/ext/main -I/home/deploy/gitroot/Snail/ext -I/usr/include/php -I/usr/include/php/main -I/usr/include/php/TSRM -I/usr/include/php/Zend -I/usr/include/php/ext -I/usr/include/php/ext/date/lib -DHAVE_CONFIG_H -O2 -fvisibility=hidden -Wparentheses -flto -DZEPHIR_RELEASE=1 -c /home/deploy/gitroot/Snail/ext/snail/mvc/router/routeinterface.zep.c  -fPIC -DPIC -o snail/mvc/router/.libs/routeinterface.o
libtool: compile:  gcc -I. -I/home/deploy/gitroot/Snail/ext -DPHP_ATOM_INC -I/home/deploy/gitroot/Snail/ext/include -I/home/deploy/gitroot/Snail/ext/main -I/home/deploy/gitroot/Snail/ext -I/usr/include/php -I/usr/include/php/main -I/usr/include/php/TSRM -I/usr/include/php/Zend -I/usr/include/php/ext -I/usr/include/php/ext/date/lib -DHAVE_CONFIG_H -O2 -fvisibility=hidden -Wparentheses -flto -DZEPHIR_RELEASE=1 -c /home/deploy/gitroot/Snail/ext/snail/mvc/routerinterface.zep.c  -fPIC -DPIC -o snail/mvc/.libs/routerinterface.o
libtool: compile:  gcc -I. -I/home/deploy/gitroot/Snail/ext -DPHP_ATOM_INC -I/home/deploy/gitroot/Snail/ext/include -I/home/deploy/gitroot/Snail/ext/main -I/home/deploy/gitroot/Snail/ext -I/usr/include/php -I/usr/include/php/main -I/usr/include/php/TSRM -I/usr/include/php/Zend -I/usr/include/php/ext -I/usr/include/php/ext/date/lib -DHAVE_CONFIG_H -O2 -fvisibility=hidden -Wparentheses -flto -DZEPHIR_RELEASE=1 -c /home/deploy/gitroot/Snail/ext/snail/mvc/application.zep.c  -fPIC -DPIC -o snail/mvc/.libs/application.o
libtool: compile:  gcc -I. -I/home/deploy/gitroot/Snail/ext -DPHP_ATOM_INC -I/home/deploy/gitroot/Snail/ext/include -I/home/deploy/gitroot/Snail/ext/main -I/home/deploy/gitroot/Snail/ext -I/usr/include/php -I/usr/include/php/main -I/usr/include/php/TSRM -I/usr/include/php/Zend -I/usr/include/php/ext -I/usr/include/php/ext/date/lib -DHAVE_CONFIG_H -O2 -fvisibility=hidden -Wparentheses -flto -DZEPHIR_RELEASE=1 -c /home/deploy/gitroot/Snail/ext/snail/mvc/router.zep.c  -fPIC -DPIC -o snail/mvc/.libs/router.o
libtool: compile:  gcc -I. -I/home/deploy/gitroot/Snail/ext -DPHP_ATOM_INC -I/home/deploy/gitroot/Snail/ext/include -I/home/deploy/gitroot/Snail/ext/main -I/home/deploy/gitroot/Snail/ext -I/usr/include/php -I/usr/include/php/main -I/usr/include/php/TSRM -I/usr/include/php/Zend -I/usr/include/php/ext -I/usr/include/php/ext/date/lib -DHAVE_CONFIG_H -O2 -fvisibility=hidden -Wparentheses -flto -DZEPHIR_RELEASE=1 -c /home/deploy/gitroot/Snail/ext/snail/mvc/router/route.zep.c  -fPIC -DPIC -o snail/mvc/router/.libs/route.o
libtool: link: gcc -shared  -fPIC -DPIC  .libs/snail.o kernel/.libs/main.o kernel/.libs/memory.o kernel/.libs/exception.o kernel/.libs/hash.o kernel/.libs/debug.o kernel/.libs/backtrace.o kernel/.libs/object.o kernel/.libs/array.o kernel/extended/.libs/array.o kernel/.libs/string.o kernel/.libs/fcall.o kernel/extended/.libs/fcall.o kernel/.libs/require.o kernel/.libs/file.o kernel/.libs/operators.o kernel/.libs/math.o kernel/.libs/concat.o kernel/.libs/variables.o kernel/.libs/filter.o kernel/.libs/iterator.o kernel/.libs/time.o kernel/.libs/exit.o snail/mvc/.libs/applicationinterface.o snail/mvc/router/.libs/routeinterface.o snail/mvc/.libs/routerinterface.o snail/mvc/.libs/application.o snail/mvc/.libs/router.o snail/mvc/router/.libs/route.o    -O2 -flto   -Wl,-soname -Wl,snail.so -o .libs/snail.so
libtool: link: ( cd ".libs" && rm -f "snail.la" && ln -s "../snail.la" "snail.la" )
libtool: install: cp ./.libs/snail.so /home/deploy/gitroot/Snail/ext/modules/snail.so
libtool: install: cp ./.libs/snail.lai /home/deploy/gitroot/Snail/ext/modules/snail.la
libtool: finish: PATH="/usr/local/bin:/usr/local/sbin:/usr/bin:/usr/sbin:/bin:/sbin:/home/deploy/.local/bin:/home/deploy/bin:/sbin" ldconfig -n /home/deploy/gitroot/Snail/ext/modules
----------------------------------------------------------------------
Libraries have been installed in:
   /home/deploy/gitroot/Snail/ext/modules

If you ever happen to want to link against installed libraries
in a given directory, LIBDIR, you must either use libtool, and
specify the full pathname of the library, or use the `-LLIBDIR'
flag during linking and do at least one of the following:
   - add LIBDIR to the `LD_LIBRARY_PATH' environment variable
     during execution
   - add LIBDIR to the `LD_RUN_PATH' environment variable
     during linking
   - use the `-Wl,-rpath -Wl,LIBDIR' linker flag
   - have your system administrator add LIBDIR to `/etc/ld.so.conf'

See any operating system documentation about shared libraries for
more information, such as the ld(1) and ld.so(8) manual pages.
----------------------------------------------------------------------

Build complete.
Don't forget to run 'make test'.

Installing shared extensions:     /usr/lib64/php/modules/
Installing header files:          /usr/include/php/
